void func() {
	lala(lele(lili("qwe",
		       "asd"),
		  "poi"),
	     "zxc");
	
	lala("qwe");
}

namespace Test
{
	function lala()
	{
		lele();
	}
}

namespace Test {
function lala()
{
	if (1 == 2) {
		lele();
	}
}
}
